==> Resolving Render DATABASE_URL
  (provided via environment)
==> Render spot checks
  render parent_profiles: 93
  render subscriptions: 307
  render children: 99
  render analytics_events: 434009
  render notification_log: 4116
  render user_devices: 280
==> pg_dump Render (custom format) → /data/coolify/migration/dumps/render-prod-20260711T184856Z.dump
pg_dump: executing SELECT pg_catalog.set_config('search_path', '', false);
pg_dump: last built-in OID is 16383
pg_dump: reading extensions
pg_dump: identifying extension members
pg_dump: reading schemas
pg_dump: reading user-defined tables
pg_dump: reading user-defined functions
pg_dump: reading user-defined types
pg_dump: reading procedural languages
pg_dump: reading user-defined aggregate functions
pg_dump: reading user-defined operators
pg_dump: reading user-defined access methods
pg_dump: reading user-defined operator classes
pg_dump: reading user-defined operator families
pg_dump: reading user-defined text search parsers
pg_dump: reading user-defined text search templates
pg_dump: reading user-defined text search dictionaries
pg_dump: reading user-defined text search configurations
pg_dump: reading user-defined foreign-data wrappers
pg_dump: reading user-defined foreign servers
pg_dump: reading default privileges
pg_dump: reading user-defined collations
pg_dump: reading user-defined conversions
pg_dump: reading type casts
pg_dump: reading transforms
pg_dump: reading table inheritance information
pg_dump: reading event triggers
pg_dump: finding extension tables
pg_dump: finding inheritance relationships
pg_dump: reading column info for interesting tables
pg_dump: finding table default expressions
pg_dump: finding table check constraints
pg_dump: flagging inherited columns in subtables
pg_dump: reading partitioning data
pg_dump: reading indexes
pg_dump: flagging indexes in partitioned tables
pg_dump: reading extended statistics
pg_dump: reading constraints
pg_dump: reading triggers
pg_dump: reading rewrite rules
pg_dump: reading policies
pg_dump: reading row-level security policies
pg_dump: reading publications
pg_dump: reading publication membership of tables
pg_dump: reading publication membership of schemas
pg_dump: reading subscriptions
pg_dump: reading subscription membership of tables
pg_dump: reading large objects
pg_dump: reading dependency data
pg_dump: saving encoding = UTF8
pg_dump: saving "standard_conforming_strings = on"
pg_dump: saving "search_path = "
pg_dump: saving database definition
pg_dump: dumping contents of table "public.abacus_progress"
pg_dump: dumping contents of table "public.admin_premium_grants"
pg_dump: dumping contents of table "public.ai_cache"
pg_dump: dumping contents of table "public.ai_content_cache"
pg_dump: dumping contents of table "public.amy_daily_briefings"
pg_dump: dumping contents of table "public.amy_decision_log"
pg_dump: dumping contents of table "public.amy_knowledge_graph"
pg_dump: dumping contents of table "public.amy_timeline_events"
pg_dump: dumping contents of table "public.analytics_events"
pg_dump: dumping contents of table "public.babysitters"
pg_dump: dumping contents of table "public.behaviors"
pg_dump: dumping contents of table "public.billing_audit_events"
pg_dump: dumping contents of table "public.child_caregivers"
pg_dump: dumping contents of table "public.child_content_learning_profiles"
pg_dump: dumping contents of table "public.child_daily_signals"
pg_dump: dumping contents of table "public.child_learning_progress"
pg_dump: dumping contents of table "public.child_personality_profiles"
pg_dump: dumping contents of table "public.child_prediction_snapshots"
pg_dump: dumping contents of table "public.children"
pg_dump: dumping contents of table "public.coach_audio_cache"
pg_dump: dumping contents of table "public.coach_journey"
pg_dump: dumping contents of table "public.coach_win_generations"
pg_dump: dumping contents of table "public.coloring_downloads"
pg_dump: dumping contents of table "public.crash_deploy_baselines"
pg_dump: dumping contents of table "public.crash_events"
pg_dump: dumping contents of table "public.crash_fingerprint_status"
pg_dump: dumping contents of table "public.crash_regressions"
pg_dump: dumping contents of table "public.cry_sessions"
pg_dump: dumping contents of table "public.custom_recipes"
pg_dump: dumping contents of table "public.daily_puzzle_progress"
pg_dump: dumping contents of table "public.debug_logs"
pg_dump: dumping contents of table "public.family_digital_twin"
pg_dump: dumping contents of table "public.family_goals"
pg_dump: dumping contents of table "public.family_intelligence_snapshots"
pg_dump: dumping contents of table "public.family_learning_graphs"
pg_dump: dumping contents of table "public.family_memory"
pg_dump: dumping contents of table "public.family_moments"
pg_dump: dumping contents of table "public.family_strategy_profile"
pg_dump: dumping contents of table "public.feature_feedback"
pg_dump: dumping contents of table "public.feature_notification_schedules"
pg_dump: dumping contents of table "public.feature_usage"
pg_dump: dumping contents of table "public.file_risk_history"
pg_dump: dumping contents of table "public.funsheet_downloads"
pg_dump: dumping contents of table "public.gaming_wallet"
pg_dump: dumping contents of table "public.gift_tokens"
pg_dump: dumping contents of table "public.global_learning_graph"
pg_dump: dumping contents of table "public.growth_os_state"
pg_dump: dumping contents of table "public.health_lab_progress"
pg_dump: dumping contents of table "public.infant_care_logs"
pg_dump: dumping contents of table "public.infant_growth_measurements"
pg_dump: dumping contents of table "public.infant_milestone_progress"
pg_dump: dumping contents of table "public.infant_notification_prefs"
pg_dump: dumping contents of table "public.infant_product_analytics_events"
pg_dump: dumping contents of table "public.infant_wellbeing_checkins"
pg_dump: dumping contents of table "public.intervention_ledger"
pg_dump: dumping contents of table "public.learning_progress"
pg_dump: dumping contents of table "public.life_skills_progress"
pg_dump: dumping contents of table "public.nap_sessions"
pg_dump: dumping contents of table "public.nba_decision_logs"
pg_dump: dumping contents of table "public.notification_campaign_progress"
pg_dump: dumping contents of table "public.notification_fatigue_state"
pg_dump: dumping contents of table "public.notification_log"
pg_dump: dumping contents of table "public.notification_outcome_events"
pg_dump: dumping contents of table "public.notification_preferences"
pg_dump: dumping contents of table "public.nutrition_caregiver_share"
pg_dump: dumping contents of table "public.nutrition_daily_log"
pg_dump: dumping contents of table "public.nutrition_meal_memory"
pg_dump: dumping contents of table "public.olympiad_child_stats"
pg_dump: dumping contents of table "public.olympiad_scores"
pg_dump: dumping contents of table "public.onboarding_profiles"
pg_dump: dumping contents of table "public.parent_hub_journey"
pg_dump: dumping contents of table "public.parent_profiles"
pg_dump: dumping contents of table "public.parent_task_completions"
pg_dump: dumping contents of table "public.phonics_audio_assets"
pg_dump: dumping contents of table "public.phonics_content"
pg_dump: dumping contents of table "public.phonics_content_cache"
pg_dump: dumping contents of table "public.phonics_curriculum_progress"
pg_dump: dumping contents of table "public.phonics_daily_plans"
pg_dump: dumping contents of table "public.phonics_downloads"
pg_dump: dumping contents of table "public.phonics_progress"
pg_dump: dumping contents of table "public.phonics_test_results"
pg_dump: dumping contents of table "public.phonics_v3_fluency"
pg_dump: dumping contents of table "public.phonics_v3_mastery"
pg_dump: dumping contents of table "public.phonics_v3_missions"
pg_dump: dumping contents of table "public.phonics_v3_retention"
pg_dump: dumping contents of table "public.phonics_v3_story_progress"
pg_dump: dumping contents of table "public.ptm_prep_data"
pg_dump: dumping contents of table "public.push_tokens"
pg_dump: dumping contents of table "public.razorpay_webhook_events"
pg_dump: dumping contents of table "public.referrals"
pg_dump: dumping contents of table "public.release_intelligence_runs"
pg_dump: dumping contents of table "public.revenuecat_webhook_events"
pg_dump: dumping contents of table "public.routine_activity_outcomes"
pg_dump: dumping contents of table "public.routine_feedback"
pg_dump: dumping contents of table "public.routine_journey"
pg_dump: dumping contents of table "public.routine_personalization_snapshots"
pg_dump: dumping contents of table "public.routines"
pg_dump: dumping contents of table "public.skill_graph_progress"
pg_dump: dumping contents of table "public.speech_coach_v2_active_sessions"
pg_dump: dumping contents of table "public.speech_coach_v2_daily_usage"
pg_dump: dumping contents of table "public.speech_coach_v2_monthly_cost_usage"
pg_dump: dumping contents of table "public.speech_coach_v2_monthly_usage"
pg_dump: dumping contents of table "public.speech_coach_v2_session_token_usage"
pg_dump: dumping contents of table "public.speech_coach_v2_sessions"
pg_dump: dumping contents of table "public.speech_coach_v2_streaks"
pg_dump: dumping contents of table "public.speech_coach_v2_turn_log"
pg_dump: dumping contents of table "public.speech_conversation_memory"
pg_dump: dumping contents of table "public.speech_expert_waitlist"
pg_dump: dumping contents of table "public.speech_practice_log"
pg_dump: dumping contents of table "public.speech_progress"
pg_dump: dumping contents of table "public.spelling_competition_scores"
pg_dump: dumping contents of table "public.spelling_progress"
pg_dump: dumping contents of table "public.spelling_sessions"
pg_dump: dumping contents of table "public.spelling_tournaments"
pg_dump: dumping contents of table "public.startup_funnel_events"
pg_dump: dumping contents of table "public.static_audio_registry"
pg_dump: dumping contents of table "public.story_content"
pg_dump: dumping contents of table "public.story_watch_progress"
pg_dump: dumping contents of table "public.subscriptions"
pg_dump: dumping contents of table "public.system_meta_state"
pg_dump: dumping contents of table "public.tts_cache"
pg_dump: dumping contents of table "public.usage_daily"
pg_dump: dumping contents of table "public.user_activation_journey"
pg_dump: dumping contents of table "public.user_ai_messages"
pg_dump: dumping contents of table "public.user_coach_intelligence"
pg_dump: dumping contents of table "public.user_coach_sessions"
pg_dump: dumping contents of table "public.user_custom_activities"
pg_dump: dumping contents of table "public.user_devices"
pg_dump: dumping contents of table "public.user_feedback"
pg_dump: dumping contents of table "public.user_identity_aliases"
pg_dump: dumping contents of table "public.user_intent_events"
pg_dump: dumping contents of table "public.user_intents"
pg_dump: dumping contents of table "public.user_progress"
pg_dump: dumping contents of table "public.user_retention"
pg_dump: dumping contents of table "public.vaccination_logs"
pg_dump: dumping contents of table "public.validation_runs"
pg_dump: dumping contents of table "public.worksheet_downloads"
DUMP_BYTES=302645445
DUMP_SHA256=03f0b4637354b7ae70fa0e0b1f7a3d99e38d294a55d8d78a2922179a90c1c050
DUMP_TABLE_DATA_ENTRIES=0
0
RENDER_ESTIMATED_ROWS=453923
==> Truncating Coolify public tables (--replace)
==> pg_restore --data-only to Coolify
pg_restore: executing SEQUENCE SET speech_coach_v2_monthly_cost_usage_id_seq
pg_restore: executing SEQUENCE SET speech_coach_v2_monthly_usage_id_seq
pg_restore: executing SEQUENCE SET speech_coach_v2_session_token_usage_id_seq
pg_restore: executing SEQUENCE SET speech_coach_v2_sessions_id_seq
pg_restore: executing SEQUENCE SET speech_coach_v2_streaks_id_seq
pg_restore: executing SEQUENCE SET speech_coach_v2_turn_log_id_seq
pg_restore: executing SEQUENCE SET speech_conversation_memory_id_seq
pg_restore: executing SEQUENCE SET speech_expert_waitlist_id_seq
pg_restore: executing SEQUENCE SET speech_practice_log_id_seq
pg_restore: executing SEQUENCE SET speech_progress_id_seq
pg_restore: executing SEQUENCE SET spelling_competition_scores_id_seq
pg_restore: executing SEQUENCE SET spelling_progress_id_seq
pg_restore: executing SEQUENCE SET spelling_sessions_id_seq
pg_restore: executing SEQUENCE SET spelling_tournaments_id_seq
pg_restore: executing SEQUENCE SET startup_funnel_events_id_seq
pg_restore: executing SEQUENCE SET story_content_id_seq
pg_restore: executing SEQUENCE SET story_watch_progress_id_seq
pg_restore: executing SEQUENCE SET subscriptions_id_seq
pg_restore: executing SEQUENCE SET system_meta_state_id_seq
pg_restore: executing SEQUENCE SET usage_daily_id_seq
pg_restore: executing SEQUENCE SET user_activation_journey_id_seq
pg_restore: executing SEQUENCE SET user_custom_activities_id_seq
pg_restore: executing SEQUENCE SET user_devices_id_seq
pg_restore: executing SEQUENCE SET user_identity_aliases_id_seq
pg_restore: executing SEQUENCE SET user_intent_events_id_seq
pg_restore: executing SEQUENCE SET user_intents_id_seq
pg_restore: executing SEQUENCE SET vaccination_logs_id_seq
pg_restore: executing SEQUENCE SET validation_runs_id_seq
pg_restore: executing SEQUENCE SET worksheet_downloads_id_seq
pg_restore: warning: errors ignored on restore: 1
==> Fix sequences on Coolify
==> Coolify spot checks
  coolify parent_profiles: 93
  coolify subscriptions: 307
  coolify children: 99
  coolify analytics_events: 434043
  coolify notification_log: 4116
  coolify user_devices: 280
==> Phase 1 restore complete
DUMP_FILE=/data/coolify/migration/dumps/render-prod-20260711T184856Z.dump
COOLIFY_DATABASE_URL_HOST=postgresql://postgres:***@10.0.2.7:5432/postgres
