 WARN  Unsupported engine: wanted: {"node":">=20.0.0 <23.0.0"} (current: {"node":"v26.0.0","pnpm":"9.15.9"})

> workspace@0.0.0 migrate:render-to-coolify:verify /Users/macbook/AmyNestProject/AmyNest-AI
> pnpm --filter @workspace/scripts run migrate:render-to-coolify:verify

.                                        |  WARN  Unsupported engine: wanted: {"node":">=20.0.0 <23.0.0"} (current: {"node":"v26.0.0","pnpm":"9.15.9"})

> @workspace/scripts@0.0.0 migrate:render-to-coolify:verify /Users/macbook/AmyNestProject/AmyNest-AI/scripts
> tsx ./src/render-to-coolify/verify-replica.ts

==> Verifying database connections...
(node:96761) [DEP0205] DeprecationWarning: `module.register()` is deprecated. Use `module.registerHooks()` instead.
(Use `node --trace-deprecation ...` to show where the warning was created)
(node:96761) Warning: SECURITY WARNING: The SSL modes 'prefer', 'require', and 'verify-ca' are treated as aliases for 'verify-full'.
In the next major version (pg-connection-string v3.0.0 and pg v9.0.0), these modes will adopt standard libpq semantics, which have weaker security guarantees.

To prepare for this change:
- If you want the current behavior, explicitly use 'sslmode=verify-full'
- If you want libpq compatibility now, use 'uselibpqcompat=true&sslmode=require'

See https://www.postgresql.org/docs/current/libpq-ssl.html for libpq SSL mode definitions.
✓ Render (source) connected (postgresql://amynest_db_jnen_user:***@dpg-d85k80jtqb8s7382m7lg-a.singapore-postgres.render.com/amynest_db_jnen)
✓ Coolify (target) connected (postgresql://postgres:***@127.0.0.1:15432/postgres)
==> Pre-repair hot tables (live-source drift)...
error: COALESCE types text and integer cannot be matched
    at /Users/macbook/AmyNestProject/AmyNest-AI/node_modules/.pnpm/pg@8.20.0/node_modules/pg/lib/client.js:631:17
    at process.processTicksAndRejections (node:internal/process/task_queues:104:5)
    at async repairTableGap (/Users/macbook/AmyNestProject/AmyNest-AI/scripts/src/render-to-coolify/repair-table-gap.ts:79:30)
    at async main (/Users/macbook/AmyNestProject/AmyNest-AI/scripts/src/render-to-coolify/verify-replica.ts:265:24) {
  length: 123,
  severity: 'ERROR',
  code: '42804',
  detail: undefined,
  hint: undefined,
  position: '26',
  internalPosition: undefined,
  internalQuery: undefined,
  where: undefined,
  schema: undefined,
  table: undefined,
  column: undefined,
  dataType: undefined,
  constraint: undefined,
  file: 'parse_coerce.c',
  line: '1414',
  routine: 'select_common_type'
}
/Users/macbook/AmyNestProject/AmyNest-AI/scripts:
 ERR_PNPM_RECURSIVE_RUN_FIRST_FAIL  @workspace/scripts@0.0.0 migrate:render-to-coolify:verify: `tsx ./src/render-to-coolify/verify-replica.ts`
Exit status 1
 ELIFECYCLE  Command failed with exit code 1.
