 WARN  Unsupported engine: wanted: {"node":">=20.0.0 <23.0.0"} (current: {"node":"v26.0.0","pnpm":"9.15.9"})

> workspace@0.0.0 migrate:render-to-coolify:verify /Users/macbook/AmyNestProject/AmyNest-AI
> pnpm --filter @workspace/scripts run migrate:render-to-coolify:verify

.                                        |  WARN  Unsupported engine: wanted: {"node":">=20.0.0 <23.0.0"} (current: {"node":"v26.0.0","pnpm":"9.15.9"})

> @workspace/scripts@0.0.0 migrate:render-to-coolify:verify /Users/macbook/AmyNestProject/AmyNest-AI/scripts
> tsx ./src/render-to-coolify/verify-replica.ts

==> Verifying database connections...
(node:31001) [DEP0205] DeprecationWarning: `module.register()` is deprecated. Use `module.registerHooks()` instead.
(Use `node --trace-deprecation ...` to show where the warning was created)
(node:31001) Warning: SECURITY WARNING: The SSL modes 'prefer', 'require', and 'verify-ca' are treated as aliases for 'verify-full'.
In the next major version (pg-connection-string v3.0.0 and pg v9.0.0), these modes will adopt standard libpq semantics, which have weaker security guarantees.

To prepare for this change:
- If you want the current behavior, explicitly use 'sslmode=verify-full'
- If you want libpq compatibility now, use 'uselibpqcompat=true&sslmode=require'

See https://www.postgresql.org/docs/current/libpq-ssl.html for libpq SSL mode definitions.
✓ Render (source) connected (postgresql://amynest_db_jnen_user:***@dpg-d85k80jtqb8s7382m7lg-a.singapore-postgres.render.com/amynest_db_jnen)
✓ Coolify (target) connected (postgresql://postgres:***@127.0.0.1:15432/postgres)
==> Pre-repair hot tables (live-source drift)...
==> Synced 116 sequences from Render
==> Counting 131 cold + 6 hot tables...
(node:31001) DeprecationWarning: Calling client.query() when the client is already executing a query is deprecated and will be removed in pg@9.0. Use async/await or an external async flow control mechanism instead.
==> analytics_events drift attempt 1: render=490376 coolify=490373 delta=-3
==> analytics_events drift attempt 2: render=490411 coolify=490407 delta=-4
==> analytics_events drift attempt 3: render=490450 coolify=490447 delta=-3
==> analytics_events drift attempt 4: render=490483 coolify=490480 delta=-3
==> analytics_events drift attempt 5: render=490522 coolify=490519 delta=-3
==> analytics_events drift attempt 6: render=490558 coolify=490552 delta=-6
==> analytics_events drift attempt 7: render=490594 coolify=490592 delta=-2
==> analytics_events drift attempt 8: render=490633 coolify=490629 delta=-4
==> Post-count repair pass 1 (analytics_events, billing_audit_events)
==> Post-count repair pass 2 (analytics_events)
==> Post-count repair pass 3 (analytics_events)
==> Final gate 1: row repair (analytics_events)
==> Final gate 1: rows=1 sequences=3
==> Final gate 2: row repair (analytics_events)
==> Final gate 2: rows=0 sequences=2
==> Final gate 3: rows=0 sequences=3
==> Final gate 4: rows=0 sequences=1
==> Final gate 5: rows=0 sequences=3
==> Final gate 6: rows=0 sequences=3
==> Final gate 7: rows=0 sequences=1
==> Final gate 8: rows=0 sequences=3
==> Final gate 9: rows=0 sequences=3
==> Final gate 10: rows=0 sequences=1
==> Final gate 11: rows=0 sequences=3
==> Final gate 12: rows=0 sequences=1
==> Final gate 13: rows=0 sequences=3
==> Final gate 14: rows=0 sequences=3
==> Final gate 15: rows=0 sequences=1
==> Final gate 16: rows=0 sequences=3
==> Final gate 17: rows=0 sequences=1
==> Final gate 18: rows=0 sequences=3
==> Final gate 19: rows=0 sequences=6
==> Comparing extensions, indexes, constraints, sequences...
==> Final sequence sync: 116 sequences

# Render → Coolify PostgreSQL verification

Generated: 2026-07-12T07:14:21.572Z
Source: postgresql://amynest_db_jnen_user:***@dpg-d85k80jtqb8s7382m7lg-a.singapore-postgres.render.com/amynest_db_jnen
Target: postgresql://postgres:***@127.0.0.1:15432/postgres

## Result: FAIL ✗

| Check | Source | Target | Delta |
|-------|-------:|-------:|------:|
| Tables | 137 | 137 | — |
| Total rows | 514,855 | 514,855 | 0 |
| Row mismatches | — | — | 0 |
| Indexes missing on target | — | — | 0 |
| Constraints missing on target | — | — | 0 |
| Sequence issues | — | — | 4 |
| Extension mismatches | — | — | 0 |

## Key production tables

| Table | Render | Coolify | Status |
|-------|-------:|--------:|--------|
| analytics_events | 490,967 | 490,967 | ok |
| billing_audit_events | 337 | 337 | ok |
| children | 99 | 99 | ok |
| notification_log | 4,217 | 4,217 | ok |
| onboarding_profiles | 92 | 92 | ok |
| parent_profiles | 93 | 93 | ok |
| push_tokens | 39 | 39 | ok |
| routines | 48 | 48 | ok |
| speech_coach_v2_sessions | 20 | 20 | ok |
| speech_coach_v2_turn_log | 63 | 63 | ok |
| subscriptions | 309 | 309 | ok |
| tts_cache | 6,468 | 6,468 | ok |
| user_devices | 283 | 283 | ok |
| user_identity_aliases | 184 | 184 | ok |
| worksheet_downloads | 0 | 0 | ok |

## Sequence issues

| Sequence | Render | Coolify | Status |
|----------|-------:|--------:|--------|
| analytics_events_id_seq | 493984 | 493830 | behind |
| family_digital_twin_id_seq | 1241670 | 1241633 | behind |
| family_intelligence_snapshots_id_seq | 1241670 | 1241633 | behind |
| startup_funnel_events_id_seq | 7114 | 7109 | behind |

---
Re-run: `pnpm run migrate:render-to-coolify:verify`

Report JSON: /Users/macbook/AmyNestProject/AmyNest-AI/scripts/audit/render-to-coolify/verify-2026-07-12T07-14-21-572Z.json
Report MD:   /Users/macbook/AmyNestProject/AmyNest-AI/scripts/audit/render-to-coolify/verify-latest.md
Result: FAIL
/Users/macbook/AmyNestProject/AmyNest-AI/scripts:
 ERR_PNPM_RECURSIVE_RUN_FIRST_FAIL  @workspace/scripts@0.0.0 migrate:render-to-coolify:verify: `tsx ./src/render-to-coolify/verify-replica.ts`
Exit status 1
 ELIFECYCLE  Command failed with exit code 1.
